 jumpgate  1 Fleet  2 Hosts  3 Signers  4 Gateways  5 Jobs  6 Settings    ? help
 box
 Overview  [Storage]  Endpoints  Security  Logs  Services

 DISK  measured 4m ago · m measure now
 exec      1.20 TB
 beacon    100 GB
 free      2.00 TB
 [████████████████░░░░░░░░░░░│░░░░░░░░░░░░] 39% used by the clients
 expected  2.00 TB exec + 250 GB beacon (estimate)
 fit       ok: room for the estimate with 10% headroom
 trend     ▁▂▄█  +12.3 GB/day (estimate), full in about 160 days (estimate)











 box · server connecting · jobs ⚑ –